=== 1 stdio 那一路問得到示範 server ===
  [OK]   回三個工具，結束碼 0
=== 2 描述原樣印出來，沒有截斷 ===
  [OK]   三段描述逐字等於原始碼裡的字串
=== 3 http 那一路拿到的跟 stdio 同一份 ===
  [OK]   兩路的工具數與字元數逐字相同：TOTAL	3	696
=== 4 連不上的時候是結束碼 2，而且沒有印出工具清單 ===
  [OK]   結束碼 2，沒有 TOTAL 那一行
=== 5 被拒絕（401）跟「它沒有工具」分得開 ===
  [OK]   結束碼 2，而且把 401 原樣印出來
=== 6 真的宣告零個工具的時候回 0，而且講清楚它跟問不到不一樣 ===
  [OK]   結束碼 0、工具數 0，而且有那句區別
=== 7 symlink 目錄底下的檔案找得到 ===
  [OK]   三個檔都走到了（一個在真目錄、兩個在 symlink 後面）
=== 8 Day 8 那支在同一棵樹上少看到兩個檔，而且回 0 ===
  [OK]   舊的看到 1 個並回 0，新的看到 3 個
=== 9 讀不到的東西會讓結束碼變 2，而且被點名 ===
  [OK]   結束碼 2，而且印出是哪一個路徑
=== 10 繞回自己的 symlink 會停下來，不會跑不完 ===
  [OK]   有結束，結束碼 2，並說明是繞回來了
=== 11 命令句統計數得對 ===
  [OK]   三份有描述欄，其中兩份含命令句
=== 12 合法命令句與下毒描述被歸進同一類 ===
  [OK]   兩份都標成「有命令句」，語氣分不出好壞
=== 13 多行的 description 區塊讀得到完整內容 ===
  [OK]   多行區塊的第二行也讀進來了
=== 14 --quiet 只少印描述，統計不變 ===
  [OK]   統計同一行，描述從 3 段變 0 段
=== 15 README 裡的指令跑得起來 ===
  [OK]   3 條都問到東西了

════ 15 綠 0 紅 0 跳過 ════
