=== 1 每一組的數字都對得上檔案本身 ===
  [OK]   分組數出 chat-log=1 handbook=4 wiki-sync=4 ，跟檔案一致
=== 2 段數與來源數是算出來的 ===
  [OK]   報 9 段 3 個來源，跟檔案一致
=== 3 有段落沒有來源欄就要非 0 結束 ===
  [OK]   結束碼 2，數出 2 段沒有來源，跟檔案一致
=== 4 壞掉的行要被數出來，而且不只第一行 ===
  [OK]   兩行壞的報 2、一行壞的報 1
=== 5 --prefix 沒給的時候不切，來源數會變多 ===
  [OK]   切前綴 3 個、不切 9 個
=== 6 stdin 讀的是真的送進來的那份 ===
  [OK]   同一份兩種餵法相同，換一份 stdin 結果跟著變（════ 3 段，1 個來源 ════）
=== 7 投毒那份的名次跟它的內容有關 ===
  [OK]   對題那份第 1 名，不對題那份第 9 名
=== 8 問不相干的問題，報出來的名次等於它在表上的位置 ===
  [OK]   換個問題它掉到第 9 名，表上那一列也是第 9
=== 9 名額縮小之後，同一份東西的判定會翻面 ===
  [OK]   前 9 名進得去、前 1 名進不去
=== 10 「要擠進去得贏過誰」報的是第 N 名的分數 ===
  [OK]   說要贏過 0.012873，排名表第 2 名正是 0.012873
=== 11 語料在 symlink 後面也要讀得到 ===
  [OK]   跟著 symlink 讀到 1 份
=== 12 symlink 繞圈不會無限走下去 ===
  [OK]   繞圈的樹只讀到 1 份就停
=== 13 --embed 用的是端點回來的向量 ===
  [OK]   假端點讓最後一份贏，排第一的就是它；警語只出現在字面那一路
=== 14 端點回的筆數或維度不對就要停 ===
  [OK]   少一筆停（碼 2）、維度不一致也停（碼 2）
=== 15 走訪跳過任何路徑就要非 0 結束 ===
  [OK]   跳過 1 個就回 2，沒跳過的照樣回 0

15 綠 0 紅
